10. (cd!, Invalid Input)
18. (@, Invalid Input)